Microsoft Windows [versão 10.0.22631.4317]
(c) Microsoft Corporation. Todos os direitos reservados.

C:\Users\2023102060016> npm
npm <command>

Usage:

npm install        install all the dependencies in your project
npm install <foo>  add the <foo> dependency to your project
npm test           run this project's tests
npm run <foo>      run the script named <foo>
npm <command> -h   quick help on <command>
npm -l             display usage info for all commands
npm help <term>    search for help on <term> (in a browser)
npm help npm       more involved overview (in a browser)

All commands:

    access, adduser, audit, bugs, cache, ci, completion,
    config, dedupe, deprecate, diff, dist-tag, docs, doctor,
    edit, exec, explain, explore, find-dupes, fund, get, help,
    help-search, hook, init, install, install-ci-test,
    install-test, link, ll, login, logout, ls, org, outdated,
    owner, pack, ping, pkg, prefix, profile, prune, publish,
    query, rebuild, repo, restart, root, run-script, sbom,
    search, set, shrinkwrap, star, stars, start, stop, team,
    test, token, uninstall, unpublish, unstar, update, version,
    view, whoami

Specify configs in the ini-formatted file:
    C:\Users\2023102060016\.npmrc
or on the command line via: npm <command> --key=value

More configuration info: npm help config
Configuration fields: npm help 7 config

npm@10.8.1 C:\Program Files\nodejs\node_modules\npm

C:\Users\2023102060016> npm -version
10.8.1

C:\Users\2023102060016> npm init -y
Wrote to C:\Users\2023102060016\package.json:

{
  "name": "2023102060016",
  "version": "1.0.0",
  "main": "index.js",
  "scripts": {
    "test": "echo \"Error: no test specified\" && exit 1"
  },
  "keywords": [],
  "author": "",
  "license": "ISC",
  "description": ""
}




C:\Users\2023102060016> mkdir api

C:\Users\2023102060016> cd api

C:\Users\2023102060016\api> npm init -y
Wrote to C:\Users\2023102060016\api\package.json:

{
  "name": "api",
  "version": "1.0.0",
  "main": "index.js",
  "scripts": {
    "test": "echo \"Error: no test specified\" && exit 1"
  },
  "keywords": [],
  "author": "",
  "license": "ISC",
  "description": ""
}




C:\Users\2023102060016\api> npm install cors body-parser express sqlite3 swagger-jsdoc swagger-ui-express
npm warn deprecated are-we-there-yet@3.0.1: This package is no longer supported.
npm warn deprecated gauge@4.0.4: This package is no longer supported.
npm warn deprecated @npmcli/move-file@1.1.2: This functionality has been moved to @npmcli/fs
npm warn deprecated inflight@1.0.6: This module is not supported, and leaks memory. Do not use it. Check out lru-cache if you want a good and tested way to coalesce async requests by a key value, which is much more comprehensive and powerful.
npm warn deprecated npmlog@6.0.2: This package is no longer supported.
npm warn deprecated rimraf@3.0.2: Rimraf versions prior to v4 are no longer supported
npm warn deprecated glob@7.2.3: Glob versions prior to v9 are no longer supported
npm warn deprecated glob@7.1.6: Glob versions prior to v9 are no longer supported

added 217 packages, and audited 218 packages in 12s

25 packages are looking for funding
  run `npm fund` for details

found 0 vulnerabilities

C:\Users\2023102060016\api> cat.json
'cat.json' não é reconhecido como um comando interno
ou externo, um programa operável ou um arquivo em lotes.

C:\Users\2023102060016\api> code .

C:\Users\2023102060016\api>